V ==K fun ( x -> ( fun ( [ y , .Types ] -> y ) | .Cases ) [ x , .Types ] ) | .Cases
