V ==K [ Pair ( 10 , 9 , .Types ) , Pair ( 0 , 1 , .Types ) , Pair ( 0 , 0 , .Types ) , .Types ]
