  V ==K [ 7 , 8 , 9 , .Types ]
#Or
  V ==K [ 7 , 9 , 8 , .Types ]
#Or
  V ==K [ 8 , 8 , 9 , .Types ]
#Or
  V ==K [ 8 , 9 , 8 , .Types ]
#Or
  V ==K [ 9 , 8 , 9 , .Types ]
#Or
  V ==K [ 9 , 9 , 8 , .Types ]
