<generatedTop>
  <k>
    .
  </k>
  <pc>
    2
  </pc>
</generatedTop>
