<generatedTop>
  <k>
    .
  </k>
  <pc>
    1
  </pc>
</generatedTop>
