V ==K ( x ~> #freezer_,__FUN-UNTYPED-COMMON1_ ( .Types ) ~> #freezer_,__FUN-UNTYPED-COMMON0_ ( 2 ) ~> #freezerassignTo0_ ( x , y , .Types ) ~> y ~> setEnv ( x |-> 1 ) ~> setEnv ( .Map ) )
