V ==K closure ( .Map , Triple ( x , y , z , .Types ) -> y | .Cases )
