<TEST>
  <s>
    false
  </s>
  <k>
    V0
  </k>
</TEST>
