V ==K Tree ( Tree ( Tree ( Leaf ( 5 , .Types ) , Leaf ( 4 , .Types ) , .Types ) , Leaf ( 3 , .Types ) , .Types ) , Tree ( Leaf ( 2 , .Types ) , Leaf ( 1 , .Types ) , .Types ) , .Types )
