V ==K fun ( Triple ( x , y , z , .Types ) -> y ) | .Cases
