V ==K Pair ( Pair ( 1 , Wrapper ( 2 , .Types ) , .Types ) , Pair ( 3 , 4 , .Types ) , .Types )
