V ==K [ Thursday , Saturday , Thursday , .Types ]
